#
# A fatal error has been detected by the Java Runtime Environment:
#
#  SIGBUS (0xa) at pc=0x000000010cfd6e92, pid=38163, tid=0x0000000000002603
#
# JRE version: Java(TM) SE Runtime Environment (8.0_162-b12) (build 1.8.0_162-b12)
# Java VM: Java HotSpot(TM) 64-Bit Server VM (25.162-b12 mixed mode bsd-amd64 compressed oops)
# Problematic frame:
# C  [libzip.dylib+0x2e92]  newEntry+0x154
#
# Failed to write core dump. Core dumps have been disabled. To enable core dumping, try "ulimit -c unlimited" before starting Java again
#
# If you would like to submit a bug report, please visit:
#   http://bugreport.java.com/bugreport/crash.jsp
# The crash happened outside the Java Virtual Machine in native code.
# See problematic frame for where to report the bug.
#

---------------  T H R E A D  ---------------

Current thread (0x00007faa0580d000):  JavaThread "main" [_thread_in_native, id=9731, stack(0x0000700009400000,0x0000700009500000)]

siginfo: si_signo: 10 (SIGBUS), si_code: 2 (BUS_ADRERR), si_addr: 0x0000000129dffef2

Registers:
RAX=0x00007faa0561cee0, RBX=0x0000000129dffee6, RCX=0x0000000000000001, RDX=0x0000000000020000
RSP=0x00007000094f7e80, RBP=0x00007000094f7ee0, RSI=0x00000000fffe1fff, RDI=0x0000000000000aa1
R8 =0x00000000a079aa11, R9 =0x0000000000000004, R10=0x00000000fffe0000, R11=0x00007faa07900000
R12=0x00007faa06926a00, R13=0x00000000000000f0, R14=0x00000000251b2af8, R15=0x00007faa079aa000
RIP=0x000000010cfd6e92, EFLAGS=0x0000000000010202, ERR=0x0000000000000004
  TRAPNO=0x000000000000000e

Top of Stack: (sp=0x00007000094f7e80)
0x00007000094f7e80:   00007faa0580d000 000000000540f410
0x00007000094f7e90:   00007faa08c22200 00007faa08c22278
0x00007000094f7ea0:   00007000094f7ec0 00007faa0561cee0
0x00007000094f7eb0:   00007faa079aa0c0 00007faa0561cee0
0x00007000094f7ec0:   00007faa06926a00 00000000000000f0
0x00007000094f7ed0:   00000000251b2af8 00007faa079aa000
0x00007000094f7ee0:   00007000094f7f40 000000010cfd752d
0x00007000094f7ef0:   00007000094f7fa6 00007000094f7fa5
0x00007000094f7f00:   0000004600000000 000000470180d000
0x00007000094f7f10:   00007000094f7f5e 00007000094f83a8
0x00007000094f7f20:   0000000000000047 00007000094f7f5e
0x00007000094f7f30:   00007faa0561cee0 00007faa0580d1f8
0x00007000094f7f40:   00007000094f8390 000000010cfd6238
0x00007000094f7f50:   000000010f191ff0 6f63000100000001
0x00007000094f7f60:   6c6c65746e692f6d 65642f74722f6a69
0x00007000094f7f70:   612f726567677562 7061432f746e6567
0x00007000094f7f80:   6e65674165727574 7275747061432474
0x00007000094f7f90:   6d757274736e4965 2e3224726f746e65
0x00007000094f7fa0:   0000007373616c63 00007000094f8250
0x00007000094f7fb0:   00007faa0580d000 00007000094f80a0
0x00007000094f7fc0:   000000010f16b470 00007000094f8250
0x00007000094f7fd0:   00007000094f8140 000000010c21a997
0x00007000094f7fe0:   0000000000000000 00007faa08c22270
0x00007000094f7ff0:   00007faa0580d1f8 00007000094f8250
0x00007000094f8000:   00000000edf0abf8 000000076f8656f8
0x00007000094f8010:   00000006c005c5b0 00007faa072cfc7c
0x00007000094f8020:   00007faa072cfec8 0000003f00000000
0x00007000094f8030:   00007fff77e61290 00007fff77e61250
0x00007000094f8040:   00007faa072cfc90 0000000000010144
0x00007000094f8050:   00007faa072cff18 00007000094f8008
0x00007000094f8060:   00007000094f8049 0000000800000002
0x00007000094f8070:   0000000000000000 00007faa0540f280 

Instructions: (pc=0x000000010cfd6e92)
0x000000010cfd6e72:   49 8b 7f 38 e8 5b 1b 00 00 4d 89 77 38 49 89 5f
0x000000010cfd6e82:   40 4c 89 f0 48 85 c0 0f 84 11 05 00 00 48 89 c3
0x000000010cfd6e92:   0f b6 43 0c 0f b6 4b 0d 48 c1 e1 08 48 01 c1 0f
0x000000010cfd6ea2:   b6 43 0e 0f b6 53 0f 48 c1 e2 08 48 01 c2 48 c1 

Register to memory mapping:

RAX=0x00007faa0561cee0 is an unknown value
RBX=0x0000000129dffee6 is an unknown value
RCX=0x0000000000000001 is an unknown value
RDX=0x0000000000020000 is an unknown value
RSP=0x00007000094f7e80 is pointing into the stack for thread: 0x00007faa0580d000
RBP=0x00007000094f7ee0 is pointing into the stack for thread: 0x00007faa0580d000
RSI=0x00000000fffe1fff is an unknown value
RDI=0x0000000000000aa1 is an unknown value
R8 =0x00000000a079aa11 is an unknown value
R9 =0x0000000000000004 is an unknown value
R10=0x00000000fffe0000 is an unknown value
R11=0x00007faa07900000 is an unknown value
R12=0x00007faa06926a00 is an unknown value
R13=0x00000000000000f0 is an unknown value
R14=0x00000000251b2af8 is an unknown value
R15=0x00007faa079aa000 is an unknown value


Stack: [0x0000700009400000,0x0000700009500000],  sp=0x00007000094f7e80,  free space=991k
Native frames: (J=compiled Java code, j=interpreted, Vv=VM code, C=native code)
C  [libzip.dylib+0x2e92]  newEntry+0x154
C  [libzip.dylib+0x352d]  ZIP_GetEntry2+0xd4
C  [libzip.dylib+0x2238]  Java_java_util_zip_ZipFile_getEntry+0xcf
J 27  java.util.zip.ZipFile.getEntry(J[BZ)J (0 bytes) @ 0x000000011094384e [0x0000000110943780+0xce]
J 188 C2 sun.misc.URLClassPath$JarLoader.getResource(Ljava/lang/String;Z)Lsun/misc/Resource; (85 bytes) @ 0x00000001109ee364 [0x00000001109edf60+0x404]
J 1475 C2 sun.misc.URLClassPath.getResource(Ljava/lang/String;Z)Lsun/misc/Resource; (83 bytes) @ 0x0000000110dfdcec [0x0000000110dfd4a0+0x84c]
J 364 C1 java.net.URLClassLoader$1.run()Ljava/lang/Class; (63 bytes) @ 0x0000000110a446c4 [0x0000000110a444a0+0x224]
J 363 C1 java.net.URLClassLoader$1.run()Ljava/lang/Object; (5 bytes) @ 0x0000000110a3ac54 [0x0000000110a3abc0+0x94]
v  ~StubRoutines::call_stub
V  [libjvm.dylib+0x2ef6ce]  JavaCalls::call_helper(JavaValue*, methodHandle*, JavaCallArguments*, Thread*)+0x6ae
V  [libjvm.dylib+0x34fecc]  JVM_DoPrivileged+0x4b8
J 226  java.security.AccessController.doPrivileged(Ljava/security/PrivilegedExceptionAction;Ljava/security/AccessControlContext;)Ljava/lang/Object; (0 bytes) @ 0x00000001109d37d5 [0x00000001109d3700+0xd5]
J 1187 C2 java.lang.ClassLoader.loadClass(Ljava/lang/String;Z)Ljava/lang/Class; (122 bytes) @ 0x0000000110d24c90 [0x0000000110d23fa0+0xcf0]
J 2159 C2 java.lang.ClassLoader.loadClass(Ljava/lang/String;)Ljava/lang/Class; (7 bytes) @ 0x0000000110f7afa0 [0x0000000110f7ade0+0x1c0]
v  ~StubRoutines::call_stub
V  [libjvm.dylib+0x2ef6ce]  JavaCalls::call_helper(JavaValue*, methodHandle*, JavaCallArguments*, Thread*)+0x6ae
V  [libjvm.dylib+0x2efe72]  JavaCalls::call_virtual(JavaValue*, KlassHandle, Symbol*, Symbol*, JavaCallArguments*, Thread*)+0x164
V  [libjvm.dylib+0x2effca]  JavaCalls::call_virtual(JavaValue*, Handle, KlassHandle, Symbol*, Symbol*, Handle, Thread*)+0x56
V  [libjvm.dylib+0x53fae2]  SystemDictionary::load_instance_class(Symbol*, Handle, Thread*)+0x2d8
V  [libjvm.dylib+0x53f2aa]  SystemDictionary::resolve_instance_class_or_null(Symbol*, Handle, Handle, Thread*)+0x484
V  [libjvm.dylib+0x53fcfe]  SystemDictionary::resolve_or_null(Symbol*, Handle, Handle, Thread*)+0x106
V  [libjvm.dylib+0x5403b1]  SystemDictionary::resolve_or_fail(Symbol*, Handle, Handle, bool, Thread*)+0x31
V  [libjvm.dylib+0x58b49e]  VerificationType::is_reference_assignable_from(VerificationType const&, ClassVerifier*, bool, Thread*) const+0x1c2
V  [libjvm.dylib+0x50c4bf]  VerificationType::is_assignable_from(VerificationType const&, ClassVerifier*, bool, Thread*) const+0x13f
V  [libjvm.dylib+0x58ca09]  ClassVerifier::verify_return_value(VerificationType, VerificationType, unsigned short, StackMapFrame*, Thread*)+0x159
V  [libjvm.dylib+0x59367b]  ClassVerifier::verify_method(methodHandle, Thread*)+0xbaf
V  [libjvm.dylib+0x5aa82a]  ClassVerifier::verify_class(Thread*)+0xbe
V  [libjvm.dylib+0x5ab49e]  Verifier::verify(instanceKlassHandle, Verifier::Mode, bool, Thread*)+0x110
V  [libjvm.dylib+0x2c3155]  InstanceKlass::link_class_impl(instanceKlassHandle, bool, Thread*)+0x3a1
V  [libjvm.dylib+0x2c34b7]  InstanceKlass::link_class(Thread*)+0x3b
V  [libjvm.dylib+0x2c34ef]  InstanceKlass::initialize_impl(instanceKlassHandle, Thread*)+0x25
V  [libjvm.dylib+0x2c3c0b]  InstanceKlass::initialize(Thread*)+0x3d
V  [libjvm.dylib+0x143595]  Runtime1::new_instance(JavaThread*, Klass*)+0x77
v  ~RuntimeStub::fast_new_instance_init_check Runtime1 stub
J 839 C1 com.intellij.rt.debugger.agent.CaptureAgent$CaptureTransformer.transform(Ljava/lang/ClassLoader;Ljava/lang/String;Ljava/lang/Class;Ljava/security/ProtectionDomain;[B)[B (227 bytes) @ 0x0000000110b9ef44 [0x0000000110b9cb00+0x2444]
J 301 C1 sun.instrument.TransformerManager.transform(Ljava/lang/ClassLoader;Ljava/lang/String;Ljava/lang/Class;Ljava/security/ProtectionDomain;[B)[B (98 bytes) @ 0x0000000110a0a804 [0x0000000110a0a620+0x1e4]
J 300 C1 sun.instrument.InstrumentationImpl.transform(Ljava/lang/ClassLoader;Ljava/lang/String;Ljava/lang/Class;Ljava/security/ProtectionDomain;[BZ)[B (38 bytes) @ 0x0000000110a0b0cc [0x0000000110a0af40+0x18c]
v  ~StubRoutines::call_stub
V  [libjvm.dylib+0x2ef6ce]  JavaCalls::call_helper(JavaValue*, methodHandle*, JavaCallArguments*, Thread*)+0x6ae
V  [libjvm.dylib+0x3268fc]  jni_invoke_nonstatic(JNIEnv_*, JavaValue*, _jobject*, JNICallType, _jmethodID*, JNI_ArgumentPusher*, Thread*)+0x2ec
V  [libjvm.dylib+0x3169bb]  jni_CallObjectMethod+0x16b
C  [libinstrument.dylib+0xb43a]  transformClassFile+0x1ad
C  [libinstrument.dylib+0x85fd]  eventHandlerClassFileLoadHook+0x8f
V  [libjvm.dylib+0x398f09]  JvmtiClassFileLoadHookPoster::post_to_env(JvmtiEnv*, bool)+0xa7
V  [libjvm.dylib+0x399037]  JvmtiClassFileLoadHookPoster::post_all_envs()+0x47
V  [libjvm.dylib+0x397f46]  JvmtiExport::post_class_file_load_hook(Symbol*, Handle, Handle, unsigned char**, unsigned char**, JvmtiCachedClassFileData**)+0xa2
V  [libjvm.dylib+0x188fba]  ClassFileParser::parseClassFile(Symbol*, ClassLoaderData*, Handle, KlassHandle, GrowableArray<Handle>*, TempNewSymbol&, bool, Thread*)+0x29a
V  [libjvm.dylib+0x18bdfd]  ClassLoader::load_classfile(Symbol*, Thread*)+0x245
V  [libjvm.dylib+0x53f8fd]  SystemDictionary::load_instance_class(Symbol*, Handle, Thread*)+0xf3
V  [libjvm.dylib+0x53f2aa]  SystemDictionary::resolve_instance_class_or_null(Symbol*, Handle, Handle, Thread*)+0x484
V  [libjvm.dylib+0x53fcfe]  SystemDictionary::resolve_or_null(Symbol*, Handle, Handle, Thread*)+0x106
V  [libjvm.dylib+0x3523d2]  JVM_FindClassFromBootLoader+0x74
C  [libjava.dylib+0x214f]  Java_java_lang_ClassLoader_findBootstrapClass+0xb5
J 331  java.lang.ClassLoader.findBootstrapClass(Ljava/lang/String;)Ljava/lang/Class; (0 bytes) @ 0x0000000110a1e13c [0x0000000110a1e080+0xbc]
J 1187 C2 java.lang.ClassLoader.loadClass(Ljava/lang/String;Z)Ljava/lang/Class; (122 bytes) @ 0x0000000110d246d8 [0x0000000110d23fa0+0x738]
J 2159 C2 java.lang.ClassLoader.loadClass(Ljava/lang/String;)Ljava/lang/Class; (7 bytes) @ 0x0000000110f7afa0 [0x0000000110f7ade0+0x1c0]
v  ~StubRoutines::call_stub
V  [libjvm.dylib+0x2ef6ce]  JavaCalls::call_helper(JavaValue*, methodHandle*, JavaCallArguments*, Thread*)+0x6ae
V  [libjvm.dylib+0x2efe72]  JavaCalls::call_virtual(JavaValue*, KlassHandle, Symbol*, Symbol*, JavaCallArguments*, Thread*)+0x164
V  [libjvm.dylib+0x2effca]  JavaCalls::call_virtual(JavaValue*, Handle, KlassHandle, Symbol*, Symbol*, Handle, Thread*)+0x56
V  [libjvm.dylib+0x53fae2]  SystemDictionary::load_instance_class(Symbol*, Handle, Thread*)+0x2d8
V  [libjvm.dylib+0x53f2aa]  SystemDictionary::resolve_instance_class_or_null(Symbol*, Handle, Handle, Thread*)+0x484
V  [libjvm.dylib+0x53fcfe]  SystemDictionary::resolve_or_null(Symbol*, Handle, Handle, Thread*)+0x106
V  [libjvm.dylib+0x5403b1]  SystemDictionary::resolve_or_fail(Symbol*, Handle, Handle, bool, Thread*)+0x31
V  [libjvm.dylib+0x1e3d26]  ConstantPool::klass_at_impl(constantPoolHandle, int, Thread*)+0x2ee
V  [libjvm.dylib+0x453a32]  ConstantPool::klass_at(int, Thread*)+0x92
V  [libjvm.dylib+0x2eb0c1]  InterpreterRuntime::_new(JavaThread*, ConstantPool*, int)+0x2d
j  org.springframework.cglib.core.internal.LoadingCache.createEntry(Ljava/lang/Object;Ljava/lang/Object;Ljava/lang/Object;)Ljava/lang/Object;+16
j  org.springframework.cglib.core.internal.LoadingCache.get(Ljava/lang/Object;)Ljava/lang/Object;+39
j  org.springframework.cglib.core.AbstractClassGenerator$ClassLoaderData.get(Lorg/springframework/cglib/core/AbstractClassGenerator;Z)Ljava/lang/Object;+15
j  org.springframework.cglib.core.AbstractClassGenerator.create(Ljava/lang/Object;)Ljava/lang/Object;+115
j  org.springframework.cglib.core.KeyFactory$Generator.create()Lorg/springframework/cglib/core/KeyFactory;+19
j  org.springframework.cglib.core.KeyFactory.create(Ljava/lang/ClassLoader;Ljava/lang/Class;Lorg/springframework/cglib/core/KeyFactoryCustomizer;Ljava/util/List;)Lorg/springframework/cglib/core/KeyFactory;+86
j  org.springframework.cglib.core.KeyFactory.create(Ljava/lang/Class;Lorg/springframework/cglib/core/KeyFactoryCustomizer;Ljava/util/List;)Lorg/springframework/cglib/core/KeyFactory;+7
j  org.springframework.cglib.proxy.Enhancer.<clinit>()V+31
v  ~StubRoutines::call_stub
V  [libjvm.dylib+0x2ef6ce]  JavaCalls::call_helper(JavaValue*, methodHandle*, JavaCallArguments*, Thread*)+0x6ae
V  [libjvm.dylib+0x2c2443]  InstanceKlass::call_class_initializer_impl(instanceKlassHandle, Thread*)+0xbf
V  [libjvm.dylib+0x2c3975]  InstanceKlass::initialize_impl(instanceKlassHandle, Thread*)+0x4ab
V  [libjvm.dylib+0x2c3c0b]  InstanceKlass::initialize(Thread*)+0x3d
V  [libjvm.dylib+0x2eb0f2]  InterpreterRuntime::_new(JavaThread*, ConstantPool*, int)+0x5e
j  org.springframework.context.annotation.ConfigurationClassEnhancer.newEnhancer(Ljava/lang/Class;Ljava/lang/ClassLoader;)Lorg/springframework/cglib/proxy/Enhancer;+0
j  org.springframework.context.annotation.ConfigurationClassEnhancer.enhance(Ljava/lang/Class;Ljava/lang/ClassLoader;)Ljava/lang/Class;+50
j  org.springframework.context.annotation.ConfigurationClassPostProcessor.enhanceConfigurationClasses(Lorg/springframework/beans/factory/config/ConfigurableListableBeanFactory;)V+265
j  org.springframework.context.annotation.ConfigurationClassPostProcessor.postProcessBeanFactory(Lorg/springframework/beans/factory/config/ConfigurableListableBeanFactory;)V+88
j  org.springframework.context.support.PostProcessorRegistrationDelegate.invokeBeanFactoryPostProcessors(Ljava/util/Collection;Lorg/springframework/beans/factory/config/ConfigurableListableBeanFactory;)V+28
j  org.springframework.context.support.PostProcessorRegistrationDelegate.invokeBeanFactoryPostProcessors(Lorg/springframework/beans/factory/config/ConfigurableListableBeanFactory;Ljava/util/List;)V+494
j  org.springframework.context.support.AbstractApplicationContext.invokeBeanFactoryPostProcessors(Lorg/springframework/beans/factory/config/ConfigurableListableBeanFactory;)V+5
j  org.springframework.context.support.AbstractApplicationContext.refresh()V+28
j  org.springframework.boot.context.embedded.EmbeddedWebApplicationContext.refresh()V+1
j  org.springframework.boot.SpringApplication.refresh(Lorg/springframework/context/ApplicationContext;)V+10
j  org.springframework.boot.SpringApplication.refreshContext(Lorg/springframework/context/ConfigurableApplicationContext;)V+2
j  org.springframework.boot.SpringApplication.run([Ljava/lang/String;)Lorg/springframework/context/ConfigurableApplicationContext;+91
j  org.springframework.boot.SpringApplication.run([Ljava/lang/Object;[Ljava/lang/String;)Lorg/springframework/context/ConfigurableApplicationContext;+9
j  org.springframework.boot.SpringApplication.run(Ljava/lang/Object;[Ljava/lang/String;)Lorg/springframework/context/ConfigurableApplicationContext;+9
j  io.terminus.dalaran.runtime.RuntimeApplication.main([Ljava/lang/String;)V+6
v  ~StubRoutines::call_stub
V  [libjvm.dylib+0x2ef6ce]  JavaCalls::call_helper(JavaValue*, methodHandle*, JavaCallArguments*, Thread*)+0x6ae
V  [libjvm.dylib+0x326565]  jni_invoke_static(JNIEnv_*, JavaValue*, _jobject*, JNICallType, _jmethodID*, JNI_ArgumentPusher*, Thread*)+0x1bf
V  [libjvm.dylib+0x31f2f1]  jni_CallStaticVoidMethod+0x15d
...<more frames>...

Java frames: (J=compiled Java code, j=interpreted, Vv=VM code)
J 27  java.util.zip.ZipFile.getEntry(J[BZ)J (0 bytes) @ 0x00000001109437d8 [0x0000000110943780+0x58]
J 188 C2 sun.misc.URLClassPath$JarLoader.getResource(Ljava/lang/String;Z)Lsun/misc/Resource; (85 bytes) @ 0x00000001109ee364 [0x00000001109edf60+0x404]
J 1475 C2 sun.misc.URLClassPath.getResource(Ljava/lang/String;Z)Lsun/misc/Resource; (83 bytes) @ 0x0000000110dfdcec [0x0000000110dfd4a0+0x84c]
J 364 C1 java.net.URLClassLoader$1.run()Ljava/lang/Class; (63 bytes) @ 0x0000000110a446c4 [0x0000000110a444a0+0x224]
J 363 C1 java.net.URLClassLoader$1.run()Ljava/lang/Object; (5 bytes) @ 0x0000000110a3ac54 [0x0000000110a3abc0+0x94]
v  ~StubRoutines::call_stub
J 226  java.security.AccessController.doPrivileged(Ljava/security/PrivilegedExceptionAction;Ljava/security/AccessControlContext;)Ljava/lang/Object; (0 bytes) @ 0x00000001109d3763 [0x00000001109d3700+0x63]
J 1187 C2 java.lang.ClassLoader.loadClass(Ljava/lang/String;Z)Ljava/lang/Class; (122 bytes) @ 0x0000000110d24c90 [0x0000000110d23fa0+0xcf0]
J 2159 C2 java.lang.ClassLoader.loadClass(Ljava/lang/String;)Ljava/lang/Class; (7 bytes) @ 0x0000000110f7afa0 [0x0000000110f7ade0+0x1c0]
v  ~StubRoutines::call_stub
v  ~RuntimeStub::fast_new_instance_init_check Runtime1 stub
J 839 C1 com.intellij.rt.debugger.agent.CaptureAgent$CaptureTransformer.transform(Ljava/lang/ClassLoader;Ljava/lang/String;Ljava/lang/Class;Ljava/security/ProtectionDomain;[B)[B (227 bytes) @ 0x0000000110b9ef44 [0x0000000110b9cb00+0x2444]
J 301 C1 sun.instrument.TransformerManager.transform(Ljava/lang/ClassLoader;Ljava/lang/String;Ljava/lang/Class;Ljava/security/ProtectionDomain;[B)[B (98 bytes) @ 0x0000000110a0a804 [0x0000000110a0a620+0x1e4]
J 300 C1 sun.instrument.InstrumentationImpl.transform(Ljava/lang/ClassLoader;Ljava/lang/String;Ljava/lang/Class;Ljava/security/ProtectionDomain;[BZ)[B (38 bytes) @ 0x0000000110a0b0cc [0x0000000110a0af40+0x18c]
v  ~StubRoutines::call_stub
J 331  java.lang.ClassLoader.findBootstrapClass(Ljava/lang/String;)Ljava/lang/Class; (0 bytes) @ 0x0000000110a1e0cc [0x0000000110a1e080+0x4c]
J 1187 C2 java.lang.ClassLoader.loadClass(Ljava/lang/String;Z)Ljava/lang/Class; (122 bytes) @ 0x0000000110d246d8 [0x0000000110d23fa0+0x738]
J 2159 C2 java.lang.ClassLoader.loadClass(Ljava/lang/String;)Ljava/lang/Class; (7 bytes) @ 0x0000000110f7afa0 [0x0000000110f7ade0+0x1c0]
v  ~StubRoutines::call_stub
j  org.springframework.cglib.core.internal.LoadingCache.createEntry(Ljava/lang/Object;Ljava/lang/Object;Ljava/lang/Object;)Ljava/lang/Object;+16
j  org.springframework.cglib.core.internal.LoadingCache.get(Ljava/lang/Object;)Ljava/lang/Object;+39
j  org.springframework.cglib.core.AbstractClassGenerator$ClassLoaderData.get(Lorg/springframework/cglib/core/AbstractClassGenerator;Z)Ljava/lang/Object;+15
j  org.springframework.cglib.core.AbstractClassGenerator.create(Ljava/lang/Object;)Ljava/lang/Object;+115
j  org.springframework.cglib.core.KeyFactory$Generator.create()Lorg/springframework/cglib/core/KeyFactory;+19
j  org.springframework.cglib.core.KeyFactory.create(Ljava/lang/ClassLoader;Ljava/lang/Class;Lorg/springframework/cglib/core/KeyFactoryCustomizer;Ljava/util/List;)Lorg/springframework/cglib/core/KeyFactory;+86
j  org.springframework.cglib.core.KeyFactory.create(Ljava/lang/Class;Lorg/springframework/cglib/core/KeyFactoryCustomizer;Ljava/util/List;)Lorg/springframework/cglib/core/KeyFactory;+7
j  org.springframework.cglib.proxy.Enhancer.<clinit>()V+31
v  ~StubRoutines::call_stub
j  org.springframework.context.annotation.ConfigurationClassEnhancer.newEnhancer(Ljava/lang/Class;Ljava/lang/ClassLoader;)Lorg/springframework/cglib/proxy/Enhancer;+0
j  org.springframework.context.annotation.ConfigurationClassEnhancer.enhance(Ljava/lang/Class;Ljava/lang/ClassLoader;)Ljava/lang/Class;+50
j  org.springframework.context.annotation.ConfigurationClassPostProcessor.enhanceConfigurationClasses(Lorg/springframework/beans/factory/config/ConfigurableListableBeanFactory;)V+265
j  org.springframework.context.annotation.ConfigurationClassPostProcessor.postProcessBeanFactory(Lorg/springframework/beans/factory/config/ConfigurableListableBeanFactory;)V+88
j  org.springframework.context.support.PostProcessorRegistrationDelegate.invokeBeanFactoryPostProcessors(Ljava/util/Collection;Lorg/springframework/beans/factory/config/ConfigurableListableBeanFactory;)V+28
j  org.springframework.context.support.PostProcessorRegistrationDelegate.invokeBeanFactoryPostProcessors(Lorg/springframework/beans/factory/config/ConfigurableListableBeanFactory;Ljava/util/List;)V+494
j  org.springframework.context.support.AbstractApplicationContext.invokeBeanFactoryPostProcessors(Lorg/springframework/beans/factory/config/ConfigurableListableBeanFactory;)V+5
j  org.springframework.context.support.AbstractApplicationContext.refresh()V+28
j  org.springframework.boot.context.embedded.EmbeddedWebApplicationContext.refresh()V+1
j  org.springframework.boot.SpringApplication.refresh(Lorg/springframework/context/ApplicationContext;)V+10
j  org.springframework.boot.SpringApplication.refreshContext(Lorg/springframework/context/ConfigurableApplicationContext;)V+2
j  org.springframework.boot.SpringApplication.run([Ljava/lang/String;)Lorg/springframework/context/ConfigurableApplicationContext;+91
j  org.springframework.boot.SpringApplication.run([Ljava/lang/Object;[Ljava/lang/String;)Lorg/springframework/context/ConfigurableApplicationContext;+9
j  org.springframework.boot.SpringApplication.run(Ljava/lang/Object;[Ljava/lang/String;)Lorg/springframework/context/ConfigurableApplicationContext;+9
j  io.terminus.dalaran.runtime.RuntimeApplication.main([Ljava/lang/String;)V+6
v  ~StubRoutines::call_stub

---------------  P R O C E S S  ---------------

Java Threads: ( => current thread )
  0x00007faa06929800 JavaThread "Service Thread" daemon [_thread_blocked, id=14851, stack(0x000070000a32d000,0x000070000a42d000)]
  0x00007faa072d9800 JavaThread "C1 CompilerThread2" daemon [_thread_blocked, id=14595, stack(0x000070000a22a000,0x000070000a32a000)]
  0x00007faa05a4b800 JavaThread "C2 CompilerThread1" daemon [_thread_in_native, id=14339, stack(0x000070000a127000,0x000070000a227000)]
  0x00007faa05a4b000 JavaThread "C2 CompilerThread0" daemon [_thread_in_native, id=13827, stack(0x000070000a024000,0x000070000a124000)]
  0x00007faa07034800 JavaThread "JDWP Command Reader" daemon [_thread_in_native, id=13571, stack(0x0000700009f21000,0x000070000a021000)]
  0x00007faa07032800 JavaThread "JDWP Event Helper Thread" daemon [_thread_blocked, id=17155, stack(0x0000700009e1e000,0x0000700009f1e000)]
  0x00007faa06807000 JavaThread "JDWP Transport Listener: dt_socket" daemon [_thread_blocked, id=17671, stack(0x0000700009d1b000,0x0000700009e1b000)]
  0x00007faa0581d000 JavaThread "Signal Dispatcher" daemon [_thread_blocked, id=18183, stack(0x0000700009c18000,0x0000700009d18000)]
  0x00007faa06045800 JavaThread "Finalizer" daemon [_thread_blocked, id=11011, stack(0x0000700009b15000,0x0000700009c15000)]
  0x00007faa0581a000 JavaThread "Reference Handler" daemon [_thread_blocked, id=19459, stack(0x0000700009a12000,0x0000700009b12000)]
=>0x00007faa0580d000 JavaThread "main" [_thread_in_native, id=9731, stack(0x0000700009400000,0x0000700009500000)]

Other Threads:
  0x00007faa06044800 VMThread [stack: 0x000070000990f000,0x0000700009a0f000] [id=19971]
  0x00007faa061e8800 WatcherThread [stack: 0x000070000a430000,0x000070000a530000] [id=15107]

VM state:not at safepoint (normal execution)

VM Mutex/Monitor currently owned by a thread: None

Heap:
 PSYoungGen      total 97280K, used 83701K [0x000000076ab00000, 0x0000000771580000, 0x00000007c0000000)
  eden space 89600K, 89% used [0x000000076ab00000,0x000000076f8f0e78,0x0000000770280000)
  from space 7680K, 50% used [0x0000000770e00000,0x00000007711cc610,0x0000000771580000)
  to   space 9728K, 0% used [0x0000000770280000,0x0000000770280000,0x0000000770c00000)
 ParOldGen       total 111616K, used 7976K [0x00000006c0000000, 0x00000006c6d00000, 0x000000076ab00000)
  object space 111616K, 7% used [0x00000006c0000000,0x00000006c07ca330,0x00000006c6d00000)
 Metaspace       used 27170K, capacity 27438K, committed 27568K, reserved 1073152K
  class space    used 3310K, capacity 3408K, committed 3504K, reserved 1048576K

Card table byte_map: [0x000000010dbc0000,0x000000010e3c1000] byte_map_base: 0x000000010a5c0000

Marking Bits: (ParMarkBitMap*) 0x000000010c7eb6c0
 Begin Bits: [0x000000011f830000, 0x0000000123830000)
 End Bits:   [0x0000000123830000, 0x0000000127830000)

Polling page: 0x000000010cee6000

CodeCache: size=245760Kb used=8545Kb max_used=8545Kb free=237214Kb
 bounds [0x0000000110830000, 0x00000001110a0000, 0x000000011f830000]
 total_blobs=2727 nmethods=2351 adapters=296
 compilation: enabled

Compilation events (10 events):
Event: 24.426 Thread 0x00007faa072d9800 2522   !   3       org.springframework.context.annotation.ConfigurationClassUtils::checkConfigurationClassCandidate (249 bytes)
Event: 24.430 Thread 0x00007faa072d9800 nmethod 2522 0x0000000111083d10 code [0x00000001110841e0, 0x0000000111087338]
Event: 24.430 Thread 0x00007faa072d9800 2524       3       org.springframework.core.ResolvableType$1::isAssignableFrom (26 bytes)
Event: 24.430 Thread 0x00007faa072d9800 nmethod 2524 0x00000001110889d0 code [0x0000000111088b60, 0x0000000111088ee8]
Event: 24.430 Thread 0x00007faa072d9800 2523       3       org.springframework.beans.factory.support.DefaultListableBeanFactory::getBeanNamesForType (101 bytes)
Event: 24.431 Thread 0x00007faa072d9800 nmethod 2523 0x0000000111089010 code [0x0000000111089240, 0x0000000111089d28]
Event: 24.463 Thread 0x00007faa072d9800 2526 % !   3       java.util.concurrent.ConcurrentHashMap::transfer @ 441 (832 bytes)
Event: 24.473 Thread 0x00007faa072d9800 nmethod 2526% 0x000000011108a210 code [0x000000011108a5a0, 0x000000011108e3d8]
Event: 24.858 Thread 0x00007faa072d9800 2528       3       org.jetbrains.capture.org.objectweb.asm.ClassReader::readUnsignedShort (26 bytes)
Event: 24.858 Thread 0x00007faa072d9800 nmethod 2528 0x0000000111090790 code [0x0000000111090900, 0x0000000111090ab0]

GC Heap History (10 events):
Event: 9.913 GC heap before
{Heap before GC invocations=3 (full 0):
 PSYoungGen      total 76288K, used 70768K [0x000000076ab00000, 0x0000000770000000, 0x00000007c0000000)
  eden space 65536K, 100% used [0x000000076ab00000,0x000000076eb00000,0x000000076eb00000)
  from space 10752K, 48% used [0x000000076f580000,0x000000076fa9c090,0x0000000770000000)
  to   space 10752K, 0% used [0x000000076eb00000,0x000000076eb00000,0x000000076f580000)
 ParOldGen       total 175104K, used 16K [0x00000006c0000000, 0x00000006cab00000, 0x000000076ab00000)
  object space 175104K, 0% used [0x00000006c0000000,0x00000006c0004000,0x00000006cab00000)
 Metaspace       used 15280K, capacity 15394K, committed 15488K, reserved 1062912K
  class space    used 1834K, capacity 1843K, committed 1920K, reserved 1048576K
Event: 9.932 GC heap after
Heap after GC invocations=3 (full 0):
 PSYoungGen      total 76288K, used 7531K [0x000000076ab00000, 0x0000000770000000, 0x00000007c0000000)
  eden space 65536K, 0% used [0x000000076ab00000,0x000000076ab00000,0x000000076eb00000)
  from space 10752K, 70% used [0x000000076eb00000,0x000000076f25af58,0x000000076f580000)
  to   space 10752K, 0% used [0x000000076f580000,0x000000076f580000,0x0000000770000000)
 ParOldGen       total 175104K, used 24K [0x00000006c0000000, 0x00000006cab00000, 0x000000076ab00000)
  object space 175104K, 0% used [0x00000006c0000000,0x00000006c0006000,0x00000006cab00000)
 Metaspace       used 15280K, capacity 15394K, committed 15488K, reserved 1062912K
  class space    used 1834K, capacity 1843K, committed 1920K, reserved 1048576K
}
Event: 12.796 GC heap before
{Heap before GC invocations=4 (full 0):
 PSYoungGen      total 76288K, used 63080K [0x000000076ab00000, 0x0000000770000000, 0x00000007c0000000)
  eden space 65536K, 84% used [0x000000076ab00000,0x000000076e13f0f0,0x000000076eb00000)
  from space 10752K, 70% used [0x000000076eb00000,0x000000076f25af58,0x000000076f580000)
  to   space 10752K, 0% used [0x000000076f580000,0x000000076f580000,0x0000000770000000)
 ParOldGen       total 175104K, used 24K [0x00000006c0000000, 0x00000006cab00000, 0x000000076ab00000)
  object space 175104K, 0% used [0x00000006c0000000,0x00000006c0006000,0x00000006cab00000)
 Metaspace       used 21102K, capacity 21248K, committed 21296K, reserved 1069056K
  class space    used 2554K, capacity 2600K, committed 2608K, reserved 1048576K
Event: 12.815 GC heap after
Heap after GC invocations=4 (full 0):
 PSYoungGen      total 76288K, used 8091K [0x000000076ab00000, 0x0000000770000000, 0x00000007c0000000)
  eden space 65536K, 0% used [0x000000076ab00000,0x000000076ab00000,0x000000076eb00000)
  from space 10752K, 75% used [0x000000076f580000,0x000000076fd66e50,0x0000000770000000)
  to   space 10752K, 0% used [0x000000076eb00000,0x000000076eb00000,0x000000076f580000)
 ParOldGen       total 175104K, used 96K [0x00000006c0000000, 0x00000006cab00000, 0x000000076ab00000)
  object space 175104K, 0% used [0x00000006c0000000,0x00000006c0018010,0x00000006cab00000)
 Metaspace       used 21102K, capacity 21248K, committed 21296K, reserved 1069056K
  class space    used 2554K, capacity 2600K, committed 2608K, reserved 1048576K
}
Event: 12.815 GC heap before
{Heap before GC invocations=5 (full 1):
 PSYoungGen      total 76288K, used 8091K [0x000000076ab00000, 0x0000000770000000, 0x00000007c0000000)
  eden space 65536K, 0% used [0x000000076ab00000,0x000000076ab00000,0x000000076eb00000)
  from space 10752K, 75% used [0x000000076f580000,0x000000076fd66e50,0x0000000770000000)
  to   space 10752K, 0% used [0x000000076eb00000,0x000000076eb00000,0x000000076f580000)
 ParOldGen       total 175104K, used 96K [0x00000006c0000000, 0x00000006cab00000, 0x000000076ab00000)
  object space 175104K, 0% used [0x00000006c0000000,0x00000006c0018010,0x00000006cab00000)
 Metaspace       used 21102K, capacity 21248K, committed 21296K, reserved 1069056K
  class space    used 2554K, capacity 2600K, committed 2608K, reserved 1048576K
Event: 12.912 GC heap after
Heap after GC invocations=5 (full 1):
 PSYoungGen      total 76288K, used 0K [0x000000076ab00000, 0x0000000770000000, 0x00000007c0000000)
  eden space 65536K, 0% used [0x000000076ab00000,0x000000076ab00000,0x000000076eb00000)
  from space 10752K, 0% used [0x000000076f580000,0x000000076f580000,0x0000000770000000)
  to   space 10752K, 0% used [0x000000076eb00000,0x000000076eb00000,0x000000076f580000)
 ParOldGen       total 111616K, used 7960K [0x00000006c0000000, 0x00000006c6d00000, 0x000000076ab00000)
  object space 111616K, 7% used [0x00000006c0000000,0x00000006c07c6330,0x00000006c6d00000)
 Metaspace       used 21102K, capacity 21248K, committed 21296K, reserved 1069056K
  class space    used 2554K, capacity 2600K, committed 2608K, reserved 1048576K
}
Event: 16.431 GC heap before
{Heap before GC invocations=6 (full 1):
 PSYoungGen      total 76288K, used 65536K [0x000000076ab00000, 0x0000000770000000, 0x00000007c0000000)
  eden space 65536K, 100% used [0x000000076ab00000,0x000000076eb00000,0x000000076eb00000)
  from space 10752K, 0% used [0x000000076f580000,0x000000076f580000,0x0000000770000000)
  to   space 10752K, 0% used [0x000000076eb00000,0x000000076eb00000,0x000000076f580000)
 ParOldGen       total 111616K, used 7960K [0x00000006c0000000, 0x00000006c6d00000, 0x000000076ab00000)
  object space 111616K, 7% used [0x00000006c0000000,0x00000006c07c6330,0x00000006c6d00000)
 Metaspace       used 24128K, capacity 24378K, committed 24496K, reserved 1071104K
  class space    used 2897K, capacity 2978K, committed 2992K, reserved 1048576K
Event: 16.443 GC heap after
Heap after GC invocations=6 (full 1):
 PSYoungGen      total 76288K, used 3024K [0x000000076ab00000, 0x0000000771780000, 0x00000007c0000000)
  eden space 65536K, 0% used [0x000000076ab00000,0x000000076ab00000,0x000000076eb00000)
  from space 10752K, 28% used [0x000000076eb00000,0x000000076edf4230,0x000000076f580000)
  to   space 9728K, 0% used [0x0000000770e00000,0x0000000770e00000,0x0000000771780000)
 ParOldGen       total 111616K, used 7968K [0x00000006c0000000, 0x00000006c6d00000, 0x000000076ab00000)
  object space 111616K, 7% used [0x00000006c0000000,0x00000006c07c8330,0x00000006c6d00000)
 Metaspace       used 24128K, capacity 24378K, committed 24496K, reserved 1071104K
  class space    used 2897K, capacity 2978K, committed 2992K, reserved 1048576K
}
Event: 19.629 GC heap before
{Heap before GC invocations=7 (full 1):
 PSYoungGen      total 76288K, used 68560K [0x000000076ab00000, 0x0000000771780000, 0x00000007c0000000)
  eden space 65536K, 100% used [0x000000076ab00000,0x000000076eb00000,0x000000076eb00000)
  from space 10752K, 28% used [0x000000076eb00000,0x000000076edf4230,0x000000076f580000)
  to   space 9728K, 0% used [0x0000000770e00000,0x0000000770e00000,0x0000000771780000)
 ParOldGen       total 111616K, used 7968K [0x00000006c0000000, 0x00000006c6d00000, 0x000000076ab00000)
  object space 111616K, 7% used [0x00000006c0000000,0x00000006c07c8330,0x00000006c6d00000)
 Metaspace       used 25133K, capacity 25368K, committed 25648K, reserved 1071104K
  class space    used 3024K, capacity 3111K, committed 3120K, reserved 1048576K
Event: 19.637 GC heap after
Heap after GC invocations=7 (full 1):
 PSYoungGen      total 97280K, used 3889K [0x000000076ab00000, 0x0000000771580000, 0x00000007c0000000)
  eden space 89600K, 0% used [0x000000076ab00000,0x000000076ab00000,0x0000000770280000)
  from space 7680K, 50% used [0x0000000770e00000,0x00000007711cc610,0x0000000771580000)
  to   space 9728K, 0% used [0x0000000770280000,0x0000000770280000,0x0000000770c00000)
 ParOldGen       total 111616K, used 7976K [0x00000006c0000000, 0x00000006c6d00000, 0x000000076ab00000)
  object space 111616K, 7% used [0x00000006c0000000,0x00000006c07ca330,0x00000006c6d00000)
 Metaspace       used 25133K, capacity 25368K, committed 25648K, reserved 1071104K
  class space    used 3024K, capacity 3111K, committed 3120K, reserved 1048576K
}

Deoptimization events (10 events):
Event: 19.727 Thread 0x00007faa0580d000 Uncommon trap: reason=array_check action=maybe_recompile pc=0x0000000110a92ab4 method=java.util.AbstractCollection.toArray([Ljava/lang/Object;)[Ljava/lang/Object; @ 119
Event: 19.727 Thread 0x00007faa0580d000 Uncommon trap: reason=array_check action=maybe_recompile pc=0x0000000110a92ab4 method=java.util.AbstractCollection.toArray([Ljava/lang/Object;)[Ljava/lang/Object; @ 119
Event: 19.727 Thread 0x00007faa0580d000 Uncommon trap: reason=array_check action=maybe_recompile pc=0x0000000110a92ab4 method=java.util.AbstractCollection.toArray([Ljava/lang/Object;)[Ljava/lang/Object; @ 119
Event: 19.727 Thread 0x00007faa0580d000 Uncommon trap: reason=array_check action=maybe_recompile pc=0x0000000110a92ab4 method=java.util.AbstractCollection.toArray([Ljava/lang/Object;)[Ljava/lang/Object; @ 119
Event: 20.397 Thread 0x00007faa0580d000 Uncommon trap: reason=unstable_if action=reinterpret pc=0x0000000110f03aa8 method=java.util.LinkedHashMap.get(Ljava/lang/Object;)Ljava/lang/Object; @ 20
Event: 21.148 Thread 0x00007faa0580d000 Uncommon trap: reason=unstable_if action=reinterpret pc=0x0000000110962164 method=java.util.LinkedHashMap.afterNodeInsertion(Z)V @ 18
Event: 21.976 Thread 0x00007faa0580d000 Uncommon trap: reason=class_check action=maybe_recompile pc=0x0000000110bfd684 method=java.util.concurrent.ConcurrentHashMap.putVal(Ljava/lang/Object;Ljava/lang/Object;Z)Ljava/lang/Object; @ 192
Event: 23.512 Thread 0x00007faa0580d000 Uncommon trap: reason=unstable_if action=reinterpret pc=0x00000001109fc2d4 method=java.lang.AbstractStringBuilder.append(Ljava/lang/String;)Ljava/lang/AbstractStringBuilder; @ 1
Event: 23.513 Thread 0x00007faa0580d000 Uncommon trap: reason=unstable_if action=reinterpret pc=0x00000001109e3210 method=java.lang.AbstractStringBuilder.append(Ljava/lang/String;)Ljava/lang/AbstractStringBuilder; @ 1
Event: 23.518 Thread 0x00007faa0580d000 Uncommon trap: reason=unstable_if action=reinterpret pc=0x0000000110bfce64 method=java.util.concurrent.ConcurrentHashMap.putVal(Ljava/lang/Object;Ljava/lang/Object;Z)Ljava/lang/Object; @ 206

Classes redefined (0 events):
No events

Internal exceptions (10 events):
Event: 13.050 Thread 0x00007faa0580d000 Exception <a 'java/lang/ClassNotFoundException': org/springframework/context/annotation/ConfigurationClassPostProcessorCustomizer> (0x000000076b109800) thrown at [/Users/java_re/workspace/8-2-build-macosx-x86_64/jdk8u162/10278/hotspot/src/share/vm/classfi
Event: 13.058 Thread 0x00007faa0580d000 Exception <a 'java/lang/ClassNotFoundException': org/springframework/beans/factory/support/BeanDefinitionRegistryPostProcessorCustomizer> (0x000000076b251d60) thrown at [/Users/java_re/workspace/8-2-build-macosx-x86_64/jdk8u162/10278/hotspot/src/share/vm/
Event: 13.063 Thread 0x00007faa0580d000 Exception <a 'java/lang/ClassNotFoundException': org/springframework/core/PriorityOrderedCustomizer> (0x000000076b281780) thrown at [/Users/java_re/workspace/8-2-build-macosx-x86_64/jdk8u162/10278/hotspot/src/share/vm/classfile/systemDictionary.cpp, line 
Event: 13.064 Thread 0x00007faa0580d000 Exception <a 'java/lang/ClassNotFoundException': org/springframework/context/ResourceLoaderAwareCustomizer> (0x000000076b2b4ff8) thrown at [/Users/java_re/workspace/8-2-build-macosx-x86_64/jdk8u162/10278/hotspot/src/share/vm/classfile/systemDictionary.cpp
Event: 13.065 Thread 0x00007faa0580d000 Exception <a 'java/lang/ClassNotFoundException': org/springframework/beans/factory/BeanClassLoaderAwareCustomizer> (0x000000076b2ee970) thrown at [/Users/java_re/workspace/8-2-build-macosx-x86_64/jdk8u162/10278/hotspot/src/share/vm/classfile/systemDiction
Event: 13.066 Thread 0x00007faa0580d000 Exception <a 'java/lang/ClassNotFoundException': org/springframework/context/EnvironmentAwareCustomizer> (0x000000076b3213c0) thrown at [/Users/java_re/workspace/8-2-build-macosx-x86_64/jdk8u162/10278/hotspot/src/share/vm/classfile/systemDictionary.cpp, l
Event: 13.792 Thread 0x00007faa05c26800 Exception <a 'java/lang/NoSuchFieldError': method resolution failed> (0x000000076ca517b8) thrown at [/Users/java_re/workspace/8-2-build-macosx-x86_64/jdk8u162/10278/hotspot/src/share/vm/prims/methodHandles.cpp, line 1167]
Event: 13.797 Thread 0x00007faa05c26800 Exception <a 'java/lang/NoSuchFieldError': method resolution failed> (0x000000076ca5f718) thrown at [/Users/java_re/workspace/8-2-build-macosx-x86_64/jdk8u162/10278/hotspot/src/share/vm/prims/methodHandles.cpp, line 1167]
Event: 23.505 Thread 0x00007faa0580d000 Implicit null exception at 0x00000001109fbdb6 to 0x00000001109fc2b9
Event: 23.513 Thread 0x00007faa0580d000 Implicit null exception at 0x00000001109e2cf6 to 0x00000001109e31f9

Events (10 events):
Event: 24.822 loading class org/jetbrains/capture/org/objectweb/asm/ModuleWriter
Event: 24.822 loading class org/jetbrains/capture/org/objectweb/asm/ModuleWriter done
Event: 24.828 loading class org/jetbrains/capture/org/objectweb/asm/ByteVector
Event: 24.828 loading class org/jetbrains/capture/org/objectweb/asm/ByteVector done
Event: 24.850 loading class org/jetbrains/capture/org/objectweb/asm/Item
Event: 24.850 loading class org/jetbrains/capture/org/objectweb/asm/Item done
Event: 24.858 loading class com/intellij/rt/debugger/agent/CaptureAgent$CaptureInstrumentor$1
Event: 24.858 loading class com/intellij/rt/debugger/agent/CaptureAgent$CaptureInstrumentor$1 done
Event: 24.859 loading class com/intellij/rt/debugger/agent/CaptureAgent$CaptureInstrumentor$2
Event: 24.859 loading class com/intellij/rt/debugger/agent/CaptureAgent$CaptureInstrumentor$2 done


Dynamic libraries:
0x000000002859c000 	/System/Library/Frameworks/Cocoa.framework/Versions/A/Cocoa
0x000000002859c000 	/System/Library/Frameworks/Security.framework/Versions/A/Security
0x000000002859c000 	/System/Library/Frameworks/ApplicationServices.framework/Versions/A/ApplicationServices
0x000000002859c000 	/usr/lib/libz.1.dylib
0x000000002859c000 	/usr/lib/libSystem.B.dylib
0x000000002859c000 	/usr/lib/libobjc.A.dylib
0x000000002859c000 	/System/Library/Frameworks/CoreFoundation.framework/Versions/A/CoreFoundation
0x000000002859c000 	/System/Library/Frameworks/Foundation.framework/Versions/C/Foundation
0x000000002859c000 	/System/Library/Frameworks/AppKit.framework/Versions/C/AppKit
0x000000002859c000 	/System/Library/Frameworks/CoreData.framework/Versions/A/CoreData
0x000000002859c000 	/System/Library/PrivateFrameworks/RemoteViewServices.framework/Versions/A/RemoteViewServices
0x000000002859c000 	/System/Library/PrivateFrameworks/UIFoundation.framework/Versions/A/UIFoundation
0x000000002859c000 	/System/Library/PrivateFrameworks/DFRFoundation.framework/Versions/A/DFRFoundation
0x000000002859c000 	/System/Library/Frameworks/Metal.framework/Versions/A/Metal
0x000000002859c000 	/System/Library/PrivateFrameworks/DesktopServicesPriv.framework/Versions/A/DesktopServicesPriv
0x000000002859c000 	/usr/lib/libenergytrace.dylib
0x000000002859c000 	/System/Library/PrivateFrameworks/SkyLight.framework/Versions/A/SkyLight
0x000000002859c000 	/System/Library/Frameworks/CoreGraphics.framework/Versions/A/CoreGraphics
0x000000002859c000 	/usr/lib/libScreenReader.dylib
0x000000002859c000 	/System/Library/Frameworks/Accelerate.framework/Versions/A/Accelerate
0x000000002859c000 	/System/Library/Frameworks/IOSurface.framework/Versions/A/IOSurface
0x000000002859c000 	/System/Library/Frameworks/AudioToolbox.framework/Versions/A/AudioToolbox
0x000000002859c000 	/System/Library/Frameworks/AudioUnit.framework/Versions/A/AudioUnit
0x000000002859c000 	/System/Library/PrivateFrameworks/DataDetectorsCore.framework/Versions/A/DataDetectorsCore
0x000000002859c000 	/System/Library/Frameworks/Carbon.framework/Versions/A/Frameworks/HIToolbox.framework/Versions/A/HIToolbox
0x000000002859c000 	/usr/lib/libicucore.A.dylib
0x000000002859c000 	/System/Library/Frameworks/QuartzCore.framework/Versions/A/QuartzCore
0x000000002859c000 	/System/Library/PrivateFrameworks/SignpostNotification.framework/Versions/A/SignpostNotification
0x000000002859c000 	/System/Library/Frameworks/Carbon.framework/Versions/A/Frameworks/SpeechRecognition.framework/Versions/A/SpeechRecognition
0x000000002859c000 	/usr/lib/libauto.dylib
0x000000002859c000 	/usr/lib/libxml2.2.dylib
0x000000002859c000 	/System/Library/PrivateFrameworks/CoreUI.framework/Versions/A/CoreUI
0x000000002859c000 	/System/Library/Frameworks/CoreAudio.framework/Versions/A/CoreAudio
0x000000002859c000 	/System/Library/Frameworks/DiskArbitration.framework/Versions/A/DiskArbitration
0x000000002859c000 	/usr/lib/liblangid.dylib
0x000000002859c000 	/System/Library/PrivateFrameworks/MultitouchSupport.framework/Versions/A/MultitouchSupport
0x000000002859c000 	/System/Library/Frameworks/IOKit.framework/Versions/A/IOKit
0x000000002859c000 	/usr/lib/libDiagnosticMessagesClient.dylib
0x000000002859c000 	/System/Library/Frameworks/CoreServices.framework/Versions/A/CoreServices
0x000000002859c000 	/System/Library/PrivateFrameworks/PerformanceAnalysis.framework/Versions/A/PerformanceAnalysis
0x000000002859c000 	/System/Library/Frameworks/OpenGL.framework/Versions/A/OpenGL
0x000000002859c000 	/System/Library/Frameworks/ColorSync.framework/Versions/A/ColorSync
0x000000002859c000 	/System/Library/Frameworks/CoreImage.framework/Versions/A/CoreImage
0x000000002859c000 	/System/Library/Frameworks/CoreText.framework/Versions/A/CoreText
0x000000002859c000 	/System/Library/Frameworks/ImageIO.framework/Versions/A/ImageIO
0x000000002859c000 	/System/Library/PrivateFrameworks/Backup.framework/Versions/A/Backup
0x000000002859c000 	/usr/lib/libarchive.2.dylib
0x000000002859c000 	/System/Library/Frameworks/CFNetwork.framework/Versions/A/CFNetwork
0x000000002859c000 	/System/Library/Frameworks/SystemConfiguration.framework/Versions/A/SystemConfiguration
0x000000002859c000 	/usr/lib/libCRFSuite.dylib
0x000000002859c000 	/usr/lib/libc++.1.dylib
0x000000002859c000 	/usr/lib/libc++abi.dylib
0x000000002859c000 	/usr/lib/system/libcache.dylib
0x000000002859c000 	/usr/lib/system/libcommonCrypto.dylib
0x000000002859c000 	/usr/lib/system/libcompiler_rt.dylib
0x000000002859c000 	/usr/lib/system/libcopyfile.dylib
0x000000002859c000 	/usr/lib/system/libcorecrypto.dylib
0x000000002859c000 	/usr/lib/system/libdispatch.dylib
0x000000002859c000 	/usr/lib/system/libdyld.dylib
0x000000002859c000 	/usr/lib/system/libkeymgr.dylib
0x000000002859c000 	/usr/lib/system/liblaunch.dylib
0x000000002859c000 	/usr/lib/system/libmacho.dylib
0x000000002859c000 	/usr/lib/system/libquarantine.dylib
0x000000002859c000 	/usr/lib/system/libremovefile.dylib
0x000000002859c000 	/usr/lib/system/libsystem_asl.dylib
0x000000002859c000 	/usr/lib/system/libsystem_blocks.dylib
0x000000002859c000 	/usr/lib/system/libsystem_c.dylib
0x000000002859c000 	/usr/lib/system/libsystem_configuration.dylib
0x000000002859c000 	/usr/lib/system/libsystem_coreservices.dylib
0x000000002859c000 	/usr/lib/system/libsystem_darwin.dylib
0x000000002859c000 	/usr/lib/system/libsystem_dnssd.dylib
0x000000002859c000 	/usr/lib/system/libsystem_info.dylib
0x000000002859c000 	/usr/lib/system/libsystem_m.dylib
0x000000002859c000 	/usr/lib/system/libsystem_malloc.dylib
0x000000002859c000 	/usr/lib/system/libsystem_network.dylib
0x000000002859c000 	/usr/lib/system/libsystem_networkextension.dylib
0x000000002859c000 	/usr/lib/system/libsystem_notify.dylib
0x000000002859c000 	/usr/lib/system/libsystem_sandbox.dylib
0x000000002859c000 	/usr/lib/system/libsystem_secinit.dylib
0x000000002859c000 	/usr/lib/system/libsystem_kernel.dylib
0x000000002859c000 	/usr/lib/system/libsystem_platform.dylib
0x000000002859c000 	/usr/lib/system/libsystem_pthread.dylib
0x000000002859c000 	/usr/lib/system/libsystem_symptoms.dylib
0x000000002859c000 	/usr/lib/system/libsystem_trace.dylib
0x000000002859c000 	/usr/lib/system/libunwind.dylib
0x000000002859c000 	/usr/lib/system/libxpc.dylib
0x000000002859c000 	/usr/lib/closure/libclosured.dylib
0x000000002859c000 	/usr/lib/libbsm.0.dylib
0x000000002859c000 	/usr/lib/system/libkxld.dylib
0x000000002859c000 	/usr/lib/libOpenScriptingUtil.dylib
0x000000002859c000 	/usr/lib/libcoretls.dylib
0x000000002859c000 	/usr/lib/libcoretls_cfhelpers.dylib
0x000000002859c000 	/usr/lib/libpam.2.dylib
0x000000002859c000 	/usr/lib/libsqlite3.dylib
0x000000002859c000 	/usr/lib/libxar.1.dylib
0x000000002859c000 	/usr/lib/libbz2.1.0.dylib
0x000000002859c000 	/usr/lib/liblzma.5.dylib
0x000000002859c000 	/usr/lib/libnetwork.dylib
0x000000002859c000 	/usr/lib/libapple_nghttp2.dylib
0x000000002859c000 	/usr/lib/libpcap.A.dylib
0x000000002859c000 	/usr/lib/libboringssl.dylib
0x000000002859c000 	/usr/lib/libusrtcp.dylib
0x000000002859c000 	/usr/lib/libapple_crypto.dylib
0x000000002859c000 	/System/Library/Frameworks/CoreServices.framework/Versions/A/Frameworks/FSEvents.framework/Versions/A/FSEvents
0x000000002859c000 	/System/Library/Frameworks/CoreServices.framework/Versions/A/Frameworks/CarbonCore.framework/Versions/A/CarbonCore
0x000000002859c000 	/System/Library/Frameworks/CoreServices.framework/Versions/A/Frameworks/Metadata.framework/Versions/A/Metadata
0x000000002859c000 	/System/Library/Frameworks/CoreServices.framework/Versions/A/Frameworks/OSServices.framework/Versions/A/OSServices
0x000000002859c000 	/System/Library/Frameworks/CoreServices.framework/Versions/A/Frameworks/SearchKit.framework/Versions/A/SearchKit
0x000000002859c000 	/System/Library/Frameworks/CoreServices.framework/Versions/A/Frameworks/AE.framework/Versions/A/AE
0x000000002859c000 	/System/Library/Frameworks/CoreServices.framework/Versions/A/Frameworks/LaunchServices.framework/Versions/A/LaunchServices
0x000000002859c000 	/System/Library/Frameworks/CoreServices.framework/Versions/A/Frameworks/DictionaryServices.framework/Versions/A/DictionaryServices
0x000000002859c000 	/System/Library/Frameworks/CoreServices.framework/Versions/A/Frameworks/SharedFileList.framework/Versions/A/SharedFileList
0x000000002859c000 	/System/Library/Frameworks/NetFS.framework/Versions/A/NetFS
0x000000002859c000 	/System/Library/PrivateFrameworks/NetAuth.framework/Versions/A/NetAuth
0x000000002859c000 	/System/Library/PrivateFrameworks/login.framework/Versions/A/Frameworks/loginsupport.framework/Versions/A/loginsupport
0x000000002859c000 	/System/Library/PrivateFrameworks/TCC.framework/Versions/A/TCC
0x000000002859c000 	/usr/lib/libmecabra.dylib
0x000000002859c000 	/System/Library/Frameworks/ApplicationServices.framework/Versions/A/Frameworks/ATS.framework/Versions/A/ATS
0x000000002859c000 	/System/Library/Frameworks/ApplicationServices.framework/Versions/A/Frameworks/ColorSyncLegacy.framework/Versions/A/ColorSyncLegacy
0x000000002859c000 	/System/Library/Frameworks/ApplicationServices.framework/Versions/A/Frameworks/HIServices.framework/Versions/A/HIServices
0x000000002859c000 	/System/Library/Frameworks/ApplicationServices.framework/Versions/A/Frameworks/LangAnalysis.framework/Versions/A/LangAnalysis
0x000000002859c000 	/System/Library/Frameworks/ApplicationServices.framework/Versions/A/Frameworks/PrintCore.framework/Versions/A/PrintCore
0x000000002859c000 	/System/Library/Frameworks/ApplicationServices.framework/Versions/A/Frameworks/QD.framework/Versions/A/QD
0x000000002859c000 	/System/Library/Frameworks/ApplicationServices.framework/Versions/A/Frameworks/SpeechSynthesis.framework/Versions/A/SpeechSynthesis
0x000000002859c000 	/System/Library/Frameworks/CoreDisplay.framework/Versions/A/CoreDisplay
0x000000002859c000 	/System/Library/Frameworks/Accelerate.framework/Versions/A/Frameworks/vImage.framework/Versions/A/vImage
0x000000002859c000 	/System/Library/Frameworks/Accelerate.framework/Versions/A/Frameworks/vecLib.framework/Versions/A/vecLib
0x000000002859c000 	/System/Library/Frameworks/Accelerate.framework/Versions/A/Frameworks/vecLib.framework/Versions/A/libvDSP.dylib
0x000000002859c000 	/System/Library/Frameworks/Accelerate.framework/Versions/A/Frameworks/vecLib.framework/Versions/A/libBNNS.dylib
0x000000002859c000 	/System/Library/Frameworks/Accelerate.framework/Versions/A/Frameworks/vecLib.framework/Versions/A/libQuadrature.dylib
0x000000002859c000 	/System/Library/Frameworks/Accelerate.framework/Versions/A/Frameworks/vecLib.framework/Versions/A/libvMisc.dylib
0x000000002859c000 	/System/Library/Frameworks/Accelerate.framework/Versions/A/Frameworks/vecLib.framework/Versions/A/libLAPACK.dylib
0x000000002859c000 	/System/Library/Frameworks/Accelerate.framework/Versions/A/Frameworks/vecLib.framework/Versions/A/libBLAS.dylib
0x000000002859c000 	/System/Library/Frameworks/Accelerate.framework/Versions/A/Frameworks/vecLib.framework/Versions/A/libLinearAlgebra.dylib
0x000000002859c000 	/System/Library/Frameworks/Accelerate.framework/Versions/A/Frameworks/vecLib.framework/Versions/A/libSparse.dylib
0x000000002859c000 	/System/Library/Frameworks/Accelerate.framework/Versions/A/Frameworks/vecLib.framework/Versions/A/libSparseBLAS.dylib
0x000000002859c000 	/System/Library/PrivateFrameworks/GPUWrangler.framework/Versions/A/GPUWrangler
0x000000002859c000 	/System/Library/PrivateFrameworks/IOAccelerator.framework/Versions/A/IOAccelerator
0x000000002859c000 	/System/Library/PrivateFrameworks/IOPresentment.framework/Versions/A/IOPresentment
0x000000002859c000 	/System/Library/PrivateFrameworks/DSExternalDisplay.framework/Versions/A/DSExternalDisplay
0x000000002859c000 	/System/Library/Frameworks/OpenGL.framework/Versions/A/Libraries/libCoreFSCache.dylib
0x000000002859c000 	/System/Library/Frameworks/CoreVideo.framework/Versions/A/CoreVideo
0x000000002859c000 	/System/Library/PrivateFrameworks/GraphVisualizer.framework/Versions/A/GraphVisualizer
0x000000002859c000 	/System/Library/Frameworks/MetalPerformanceShaders.framework/Versions/A/MetalPerformanceShaders
0x000000002859c000 	/usr/lib/libFosl_dynamic.dylib
0x000000002859c000 	/System/Library/PrivateFrameworks/FaceCore.framework/Versions/A/FaceCore
0x000000002859c000 	/System/Library/Frameworks/OpenCL.framework/Versions/A/OpenCL
0x000000002859c000 	/usr/lib/libcompression.dylib
0x000000002859c000 	/System/Library/Frameworks/ApplicationServices.framework/Versions/A/Frameworks/ATS.framework/Versions/A/Resources/libFontParser.dylib
0x000000002859c000 	/System/Library/Frameworks/ApplicationServices.framework/Versions/A/Frameworks/ATS.framework/Versions/A/Resources/libFontRegistry.dylib
0x000000002859c000 	/System/Library/Frameworks/ImageIO.framework/Versions/A/Resources/libJPEG.dylib
0x000000002859c000 	/System/Library/Frameworks/ImageIO.framework/Versions/A/Resources/libTIFF.dylib
0x000000002859c000 	/System/Library/Frameworks/ImageIO.framework/Versions/A/Resources/libPng.dylib
0x000000002859c000 	/System/Library/Frameworks/ImageIO.framework/Versions/A/Resources/libGIF.dylib
0x000000002859c000 	/System/Library/Frameworks/ImageIO.framework/Versions/A/Resources/libJP2.dylib
0x000000002859c000 	/System/Library/Frameworks/ImageIO.framework/Versions/A/Resources/libRadiance.dylib
0x000000002859c000 	/System/Library/PrivateFrameworks/AppleJPEG.framework/Versions/A/AppleJPEG
0x000000002859c000 	/System/Library/Frameworks/MetalPerformanceShaders.framework/Frameworks/MPSCore.framework/Versions/A/MPSCore
0x000000002859c000 	/System/Library/Frameworks/MetalPerformanceShaders.framework/Frameworks/MPSImage.framework/Versions/A/MPSImage
0x000000002859c000 	/System/Library/Frameworks/MetalPerformanceShaders.framework/Frameworks/MPSNeuralNetwork.framework/Versions/A/MPSNeuralNetwork
0x000000002859c000 	/System/Library/Frameworks/MetalPerformanceShaders.framework/Frameworks/MPSMatrix.framework/Versions/A/MPSMatrix
0x000000002859c000 	/System/Library/PrivateFrameworks/MetalTools.framework/Versions/A/MetalTools
0x000000002859c000 	/System/Library/Frameworks/OpenGL.framework/Versions/A/Libraries/libGLU.dylib
0x000000002859c000 	/System/Library/Frameworks/OpenGL.framework/Versions/A/Libraries/libGFXShared.dylib
0x000000002859c000 	/System/Library/Frameworks/OpenGL.framework/Versions/A/Libraries/libGL.dylib
0x000000002859c000 	/System/Library/Frameworks/OpenGL.framework/Versions/A/Libraries/libGLImage.dylib
0x000000002859c000 	/System/Library/Frameworks/OpenGL.framework/Versions/A/Libraries/libCVMSPluginSupport.dylib
0x000000002859c000 	/System/Library/Frameworks/OpenGL.framework/Versions/A/Libraries/libCoreVMClient.dylib
0x000000002859c000 	/usr/lib/libcups.2.dylib
0x000000002859c000 	/System/Library/Frameworks/Kerberos.framework/Versions/A/Kerberos
0x000000002859c000 	/System/Library/Frameworks/GSS.framework/Versions/A/GSS
0x000000002859c000 	/usr/lib/libresolv.9.dylib
0x000000002859c000 	/usr/lib/libiconv.2.dylib
0x000000002859c000 	/System/Library/PrivateFrameworks/Heimdal.framework/Versions/A/Heimdal
0x000000002859c000 	/usr/lib/libheimdal-asn1.dylib
0x000000002859c000 	/System/Library/Frameworks/OpenDirectory.framework/Versions/A/OpenDirectory
0x000000002859c000 	/System/Library/PrivateFrameworks/CommonAuth.framework/Versions/A/CommonAuth
0x000000002859c000 	/System/Library/Frameworks/OpenDirectory.framework/Versions/A/Frameworks/CFOpenDirectory.framework/Versions/A/CFOpenDirectory
0x000000002859c000 	/System/Library/Frameworks/SecurityFoundation.framework/Versions/A/SecurityFoundation
0x000000002859c000 	/System/Library/PrivateFrameworks/APFS.framework/Versions/A/APFS
0x000000002859c000 	/usr/lib/libutil.dylib
0x000000002859c000 	/System/Library/PrivateFrameworks/AppleSauce.framework/Versions/A/AppleSauce
0x000000002859c000 	/System/Library/PrivateFrameworks/LinguisticData.framework/Versions/A/LinguisticData
0x000000002859c000 	/usr/lib/libmarisa.dylib
0x000000002859c000 	/System/Library/PrivateFrameworks/Lexicon.framework/Versions/A/Lexicon
0x000000002859c000 	/usr/lib/libChineseTokenizer.dylib
0x000000002859c000 	/usr/lib/libcmph.dylib
0x000000002859c000 	/System/Library/PrivateFrameworks/LanguageModeling.framework/Versions/A/LanguageModeling
0x000000002859c000 	/System/Library/PrivateFrameworks/CoreEmoji.framework/Versions/A/CoreEmoji
0x000000002859c000 	/System/Library/Frameworks/ServiceManagement.framework/Versions/A/ServiceManagement
0x000000002859c000 	/System/Library/PrivateFrameworks/BackgroundTaskManagement.framework/Versions/A/BackgroundTaskManagement
0x000000002859c000 	/usr/lib/libxslt.1.dylib
0x000000002859c000 	/System/Library/Frameworks/Carbon.framework/Versions/A/Frameworks/Ink.framework/Versions/A/Ink
0x000000002859c000 	/System/Library/PrivateFrameworks/TextureIO.framework/Versions/A/TextureIO
0x000000002859c000 	/usr/lib/libate.dylib
0x000000002859c000 	/System/Library/PrivateFrameworks/CrashReporterSupport.framework/Versions/A/CrashReporterSupport
0x000000002859c000 	/System/Library/PrivateFrameworks/Sharing.framework/Versions/A/Sharing
0x000000002859c000 	/System/Library/PrivateFrameworks/IconServices.framework/Versions/A/IconServices
0x000000002859c000 	/System/Library/PrivateFrameworks/AuthKit.framework/Versions/A/AuthKit
0x000000002859c000 	/System/Library/PrivateFrameworks/Apple80211.framework/Versions/A/Apple80211
0x000000002859c000 	/System/Library/PrivateFrameworks/CoreUtils.framework/Versions/A/CoreUtils
0x000000002859c000 	/System/Library/Frameworks/CoreWLAN.framework/Versions/A/CoreWLAN
0x000000002859c000 	/System/Library/Frameworks/IOBluetooth.framework/Versions/A/IOBluetooth
0x000000002859c000 	/System/Library/PrivateFrameworks/ProtocolBuffer.framework/Versions/A/ProtocolBuffer
0x000000002859c000 	/System/Library/PrivateFrameworks/MobileKeyBag.framework/Versions/A/MobileKeyBag
0x000000002859c000 	/System/Library/PrivateFrameworks/CorePhoneNumbers.framework/Versions/A/CorePhoneNumbers
0x000000002859c000 	/System/Library/PrivateFrameworks/AppleIDAuthSupport.framework/Versions/A/AppleIDAuthSupport
0x000000002859c000 	/System/Library/PrivateFrameworks/KeychainCircle.framework/Versions/A/KeychainCircle
0x000000002859c000 	/System/Library/PrivateFrameworks/CoreWiFi.framework/Versions/A/CoreWiFi
0x000000002859c000 	/System/Library/Frameworks/CoreBluetooth.framework/Versions/A/CoreBluetooth
0x000000002859c000 	/System/Library/PrivateFrameworks/DebugSymbols.framework/Versions/A/DebugSymbols
0x000000002859c000 	/System/Library/PrivateFrameworks/CoreSymbolication.framework/Versions/A/CoreSymbolication
0x000000002859c000 	/System/Library/PrivateFrameworks/Symbolication.framework/Versions/A/Symbolication
0x000000002859c000 	/System/Library/PrivateFrameworks/AppleFSCompression.framework/Versions/A/AppleFSCompression
0x000000002859c000 	/System/Library/PrivateFrameworks/SpeechRecognitionCore.framework/Versions/A/SpeechRecognitionCore
0x000000010bef4000 	/Library/Java/JavaVirtualMachines/jdk1.8.0_162.jdk/Contents/Home/jre/lib/server/libjvm.dylib
0x000000002859c000 	/usr/lib/libstdc++.6.0.9.dylib
0x000000010cea2000 	/Library/Java/JavaVirtualMachines/jdk1.8.0_162.jdk/Contents/Home/jre/lib/libverify.dylib
0x000000010ceb0000 	/Library/Java/JavaVirtualMachines/jdk1.8.0_162.jdk/Contents/Home/jre/lib/libjava.dylib
0x000000010cee7000 	/Library/Java/JavaVirtualMachines/jdk1.8.0_162.jdk/Contents/Home/jre/lib/libjdwp.dylib
0x000000010cf32000 	/Library/Java/JavaVirtualMachines/jdk1.8.0_162.jdk/Contents/Home/jre/lib/libnpt.dylib
0x000000010cf36000 	/Library/Java/JavaVirtualMachines/jdk1.8.0_162.jdk/Contents/Home/jre/lib/libinstrument.dylib
0x000000010cfd4000 	/Library/Java/JavaVirtualMachines/jdk1.8.0_162.jdk/Contents/Home/jre/lib/libzip.dylib
0x0000000110731000 	/Library/Java/JavaVirtualMachines/jdk1.8.0_162.jdk/Contents/Home/jre/lib/libdt_socket.dylib
0x0000000129fb2000 	/Library/Java/JavaVirtualMachines/jdk1.8.0_162.jdk/Contents/Home/jre/lib/libmanagement.dylib
0x0000000129fc0000 	/Library/Java/JavaVirtualMachines/jdk1.8.0_162.jdk/Contents/Home/jre/lib/libnet.dylib
0x0000000129fdc000 	/Library/Java/JavaVirtualMachines/jdk1.8.0_162.jdk/Contents/Home/jre/lib/libnio.dylib

VM Arguments:
jvm_args: -agentlib:jdwp=transport=dt_socket,address=127.0.0.1:61370,suspend=y,server=n -javaagent:/Users/gengrong/Library/Caches/IdeaIC2018.2/captureAgent/debugger-agent.jar=file:/private/var/folders/mc/bgqh0t0x3vn2ryb_mkj42l_c0000gn/T/capture.props -Dfile.encoding=UTF-8 
java_command: io.terminus.dalaran.runtime.RuntimeApplication -Dhawtio.authenticationEnabled=truefalse
java_class_path (initial): /Library/Java/JavaVirtualMachines/jdk1.8.0_162.jdk/Contents/Home/jre/lib/charsets.jar:/Library/Java/JavaVirtualMachines/jdk1.8.0_162.jdk/Contents/Home/jre/lib/deploy.jar:/Library/Java/JavaVirtualMachines/jdk1.8.0_162.jdk/Contents/Home/jre/lib/ext/cldrdata.jar:/Library/Java/JavaVirtualMachines/jdk1.8.0_162.jdk/Contents/Home/jre/lib/ext/dnsns.jar:/Library/Java/JavaVirtualMachines/jdk1.8.0_162.jdk/Contents/Home/jre/lib/ext/jaccess.jar:/Library/Java/JavaVirtualMachines/jdk1.8.0_162.jdk/Contents/Home/jre/lib/ext/jfxrt.jar:/Library/Java/JavaVirtualMachines/jdk1.8.0_162.jdk/Contents/Home/jre/lib/ext/localedata.jar:/Library/Java/JavaVirtualMachines/jdk1.8.0_162.jdk/Contents/Home/jre/lib/ext/nashorn.jar:/Library/Java/JavaVirtualMachines/jdk1.8.0_162.jdk/Contents/Home/jre/lib/ext/sunec.jar:/Library/Java/JavaVirtualMachines/jdk1.8.0_162.jdk/Contents/Home/jre/lib/ext/sunjce_provider.jar:/Library/Java/JavaVirtualMachines/jdk1.8.0_162.jdk/Contents/Home/jre/lib/ext/sunpkcs11.jar:/Library/Java/JavaVirtualMachines/jdk1.8.0_162.jdk/Contents/Home/jre/lib/ext/zipfs.jar:/Library/Java/JavaVirtualMachines/jdk1.8.0_162.jdk/Contents/Home/jre/lib/javaws.jar:/Library/Java/JavaVirtualMachines/jdk1.8.0_162.jdk/Contents/Home/jre/lib/jce.jar:/Library/Java/JavaVirtualMachines/jdk1.8.0_162.jdk/Contents/Home/jre/lib/jfr.jar:/Library/Java/JavaVirtualMachines/jdk1.8.0_162.jdk/Contents/Home/jre/lib/jfxswt.jar:/Library/Java/JavaVirtualMachines/jdk1.8.0_162.jdk/Contents/Home/jre/lib/jsse.jar:/Library/Java/JavaVirtualMachines/jdk1.8.0_162.jdk/Contents/Home/jre/lib/management-agent.jar:/Library/Java/JavaVirtualMachines/jdk1.8.0_162.jdk/Contents/Home/jre/lib/plugin.jar:/Library/Java/JavaVirtualMachines/jdk1.8.0_162.jdk/Contents/Home/jre/lib/resources.jar:/Library/Java/JavaVirtualMachines/jdk1.8.0_162.jdk/Contents/Home/jre/lib/rt.jar:/Library/Java/JavaVirtualMachines/jdk1.8.0_162.jdk/Contents/Home/lib/ant-javafx.jar:/Library/Java/JavaVirtualMachines/jdk1.8.0_162.jdk/Contents/Home
Launcher Type: SUN_STANDARD

Environment Variables:
PATH=/Users/gengrong/development/kotlin-native-macos-0.9.2/bin:/usr/local/bin:/usr/bin:/bin:/usr/sbin:/sbin:/Users/gengrong/development/golang/bin
SHELL=/bin/zsh

Signal Handlers:
SIGSEGV: [libjvm.dylib+0x5b52b5], sa_mask[0]=11111111011111110111111111111111, sa_flags=SA_ONSTACK|SA_RESTART|SA_SIGINFO
SIGBUS: [libjvm.dylib+0x5b52b5], sa_mask[0]=11111111011111110111111111111111, sa_flags=SA_RESTART|SA_SIGINFO
SIGFPE: [libjvm.dylib+0x48ac5c], sa_mask[0]=11111111011111110111111111111111, sa_flags=SA_RESTART|SA_SIGINFO
SIGPIPE: [libjvm.dylib+0x48ac5c], sa_mask[0]=11111111011111110111111111111111, sa_flags=SA_RESTART|SA_SIGINFO
SIGXFSZ: [libjvm.dylib+0x48ac5c], sa_mask[0]=11111111011111110111111111111111, sa_flags=SA_RESTART|SA_SIGINFO
SIGILL: [libjvm.dylib+0x48ac5c], sa_mask[0]=11111111011111110111111111111111, sa_flags=SA_RESTART|SA_SIGINFO
SIGUSR1: SIG_DFL, sa_mask[0]=00000000000000000000000000000000, sa_flags=none
SIGUSR2: [libjvm.dylib+0x48a77a], sa_mask[0]=00100000000000000000000000000000, sa_flags=SA_RESTART|SA_SIGINFO
SIGHUP: [libjvm.dylib+0x488d45], sa_mask[0]=11111111011111110111111111111111, sa_flags=SA_RESTART|SA_SIGINFO
SIGINT: [libjvm.dylib+0x488d45], sa_mask[0]=11111111011111110111111111111111, sa_flags=SA_RESTART|SA_SIGINFO
SIGTERM: [libjvm.dylib+0x488d45], sa_mask[0]=11111111011111110111111111111111, sa_flags=SA_RESTART|SA_SIGINFO
SIGQUIT: [libjvm.dylib+0x488d45], sa_mask[0]=11111111011111110111111111111111, sa_flags=SA_RESTART|SA_SIGINFO


---------------  S Y S T E M  ---------------

OS:Bsduname:Darwin 17.7.0 Darwin Kernel Version 17.7.0: Wed Apr 24 21:17:24 PDT 2019; root:xnu-4570.71.45~1/RELEASE_X86_64 x86_64
rlimit: STACK 8192k, CORE 0k, NPROC 1418, NOFILE 10240, AS infinity
load average:11.22 7.66 6.58

CPU:total 4 (initial active 4) (2 cores per cpu, 2 threads per core) family 6 model 61 stepping 4, cmov, cx8, fxsr, mmx, sse, sse2, sse3, ssse3, sse4.1, sse4.2, popcnt, avx, avx2, aes, clmul, erms, 3dnowpref, lzcnt, ht, tsc, tscinvbit, bmi1, bmi2, adx

Memory: 4k page, physical 16777216k(1193576k free)

/proc/meminfo:


vm_info: Java HotSpot(TM) 64-Bit Server VM (25.162-b12) for bsd-amd64 JRE (1.8.0_162-b12), built on Dec 19 2017 17:33:35 by "java_re" with gcc 4.2.1 (Based on Apple Inc. build 5658) (LLVM build 2336.11.00)

time: Tue Jul 23 11:35:33 2019
elapsed time: 25 seconds (0d 0h 0m 25s)

